// Jest Snapshot v1, https://goo.gl/fbAQLP

exports[`About Should render correctly 1`] = `
<section
  className="about-section"
>
  <h1
    className="title"
  >
    about us
  </h1>
  <p>
    Lorem ipsum dolor sit amet consectetur adipisicing elit. Molestiae repudiandae architecto qui adipisci in officiis, aperiam sequi atque perferendis eos, autem maiores nisi saepe quisquam hic odio consectetur nobis veritatis quasi explicabo obcaecati doloremque? Placeat ratione hic aspernatur error blanditiis?
  </p>
</section>
`;
