// Jest Snapshot v1, https://goo.gl/fbAQLP

exports[`Modal Should render correctly 1`] = `
<div
  className="modal-container isOpen"
>
  <div
    className="modal-content"
  >
    <h2>
      congrats!
    </h2>
    <p>
      You answered 
      67
      % of questions correctly
    </p>
    <button
      className="close-btn"
      onClick={[Function]}
    >
      play again
    </button>
  </div>
</div>
`;
