// Jest Snapshot v1, https://goo.gl/fbAQLP

exports[`GroceryBud Should add one item 1`] = `
<body
  style="color: rgb(16, 16, 16); background: rgb(241, 241, 241);"
>
  <div>
    <main
      class="grocery_bud"
    >
      <form
        class="grocery-form"
      >
        <p
          class="alert alert-success"
        >
          Item added to the list
        </p>
        <h3>
          Grocery Bud
        </h3>
        <div
          class="form-control"
        >
          <input
            class="grocery"
            placeholder="e.g. eggs"
            type="text"
            value=""
          />
          <button
            class="submit-btn"
            type="submit"
          >
            submit
          </button>
        </div>
      </form>
      <div
        class="grocery-container"
      >
        <article
          class="grocery-item"
        >
          <p
            class="title"
          >
            testItem
          </p>
          <div
            class="btn-container"
          >
            <button
              class="edit-btn"
              data-testid="edit-btn-1"
            >
              <svg
                fill="currentColor"
                height="1em"
                stroke="currentColor"
                stroke-width="0"
                viewBox="0 0 576 512"
                width="1em"
                xmlns="http://www.w3.org/2000/svg"
              >
                <path
                  d="M402.6 83.2l90.2 90.2c3.8 3.8 3.8 10 0 13.8L274.4 405.6l-92.8 10.3c-12.4 1.4-22.9-9.1-21.5-21.5l10.3-92.8L388.8 83.2c3.8-3.8 10-3.8 13.8 0zm162-22.9l-48.8-48.8c-15.2-15.2-39.9-15.2-55.2 0l-35.4 35.4c-3.8 3.8-3.8 10 0 13.8l90.2 90.2c3.8 3.8 10 3.8 13.8 0l35.4-35.4c15.2-15.3 15.2-40 0-55.2zM384 346.2V448H64V128h229.8c3.2 0 6.2-1.3 8.5-3.5l40-40c7.6-7.6 2.2-20.5-8.5-20.5H48C21.5 64 0 85.5 0 112v352c0 26.5 21.5 48 48 48h352c26.5 0 48-21.5 48-48V306.2c0-10.7-12.9-16-20.5-8.5l-40 40c-2.2 2.3-3.5 5.3-3.5 8.5z"
                />
              </svg>
            </button>
            <button
              class="delete-btn"
              data-testid="delete-btn-1"
            >
              <svg
                fill="currentColor"
                height="1em"
                stroke="currentColor"
                stroke-width="0"
                viewBox="0 0 448 512"
                width="1em"
                xmlns="http://www.w3.org/2000/svg"
              >
                <path
                  d="M432 32H312l-9.4-18.7A24 24 0 0 0 281.1 0H166.8a23.72 23.72 0 0 0-21.4 13.3L136 32H16A16 16 0 0 0 0 48v32a16 16 0 0 0 16 16h416a16 16 0 0 0 16-16V48a16 16 0 0 0-16-16zM53.2 467a48 48 0 0 0 47.9 45h245.8a48 48 0 0 0 47.9-45L416 128H32z"
                />
              </svg>
            </button>
          </div>
        </article>
      </div>
      <button
        class="clear-btn"
      >
        clear items
      </button>
    </main>
  </div>
</body>
`;

exports[`GroceryBud Should clear items 1`] = `
<body
  style="color: rgb(16, 16, 16); background: rgb(241, 241, 241);"
>
  <div>
    <main
      class="grocery_bud"
    >
      <form
        class="grocery-form"
      >
        <p
          class="alert alert-danger"
        >
          Empty List
        </p>
        <h3>
          Grocery Bud
        </h3>
        <div
          class="form-control"
        >
          <input
            class="grocery"
            placeholder="e.g. eggs"
            type="text"
            value=""
          />
          <button
            class="submit-btn"
            type="submit"
          >
            submit
          </button>
        </div>
      </form>
    </main>
  </div>
</body>
`;

exports[`GroceryBud Should edit one item 1`] = `
<body
  style="color: rgb(16, 16, 16); background: rgb(241, 241, 241);"
>
  <div>
    <main
      class="grocery_bud"
    >
      <form
        class="grocery-form"
      >
        <p
          class="alert alert-success"
        >
          Item updated
        </p>
        <h3>
          Grocery Bud
        </h3>
        <div
          class="form-control"
        >
          <input
            class="grocery"
            placeholder="e.g. eggs"
            type="text"
            value=""
          />
          <button
            class="submit-btn"
            type="submit"
          >
            submit
          </button>
        </div>
      </form>
      <div
        class="grocery-container"
      >
        <article
          class="grocery-item"
        >
          <p
            class="title"
          >
            testItem
          </p>
          <div
            class="btn-container"
          >
            <button
              class="edit-btn"
              data-testid="edit-btn-1"
            >
              <svg
                fill="currentColor"
                height="1em"
                stroke="currentColor"
                stroke-width="0"
                viewBox="0 0 576 512"
                width="1em"
                xmlns="http://www.w3.org/2000/svg"
              >
                <path
                  d="M402.6 83.2l90.2 90.2c3.8 3.8 3.8 10 0 13.8L274.4 405.6l-92.8 10.3c-12.4 1.4-22.9-9.1-21.5-21.5l10.3-92.8L388.8 83.2c3.8-3.8 10-3.8 13.8 0zm162-22.9l-48.8-48.8c-15.2-15.2-39.9-15.2-55.2 0l-35.4 35.4c-3.8 3.8-3.8 10 0 13.8l90.2 90.2c3.8 3.8 10 3.8 13.8 0l35.4-35.4c15.2-15.3 15.2-40 0-55.2zM384 346.2V448H64V128h229.8c3.2 0 6.2-1.3 8.5-3.5l40-40c7.6-7.6 2.2-20.5-8.5-20.5H48C21.5 64 0 85.5 0 112v352c0 26.5 21.5 48 48 48h352c26.5 0 48-21.5 48-48V306.2c0-10.7-12.9-16-20.5-8.5l-40 40c-2.2 2.3-3.5 5.3-3.5 8.5z"
                />
              </svg>
            </button>
            <button
              class="delete-btn"
              data-testid="delete-btn-1"
            >
              <svg
                fill="currentColor"
                height="1em"
                stroke="currentColor"
                stroke-width="0"
                viewBox="0 0 448 512"
                width="1em"
                xmlns="http://www.w3.org/2000/svg"
              >
                <path
                  d="M432 32H312l-9.4-18.7A24 24 0 0 0 281.1 0H166.8a23.72 23.72 0 0 0-21.4 13.3L136 32H16A16 16 0 0 0 0 48v32a16 16 0 0 0 16 16h416a16 16 0 0 0 16-16V48a16 16 0 0 0-16-16zM53.2 467a48 48 0 0 0 47.9 45h245.8a48 48 0 0 0 47.9-45L416 128H32z"
                />
              </svg>
            </button>
          </div>
        </article>
        <article
          class="grocery-item"
        >
          <p
            class="title"
          >
            mockItem2
          </p>
          <div
            class="btn-container"
          >
            <button
              class="edit-btn"
              data-testid="edit-btn-2"
            >
              <svg
                fill="currentColor"
                height="1em"
                stroke="currentColor"
                stroke-width="0"
                viewBox="0 0 576 512"
                width="1em"
                xmlns="http://www.w3.org/2000/svg"
              >
                <path
                  d="M402.6 83.2l90.2 90.2c3.8 3.8 3.8 10 0 13.8L274.4 405.6l-92.8 10.3c-12.4 1.4-22.9-9.1-21.5-21.5l10.3-92.8L388.8 83.2c3.8-3.8 10-3.8 13.8 0zm162-22.9l-48.8-48.8c-15.2-15.2-39.9-15.2-55.2 0l-35.4 35.4c-3.8 3.8-3.8 10 0 13.8l90.2 90.2c3.8 3.8 10 3.8 13.8 0l35.4-35.4c15.2-15.3 15.2-40 0-55.2zM384 346.2V448H64V128h229.8c3.2 0 6.2-1.3 8.5-3.5l40-40c7.6-7.6 2.2-20.5-8.5-20.5H48C21.5 64 0 85.5 0 112v352c0 26.5 21.5 48 48 48h352c26.5 0 48-21.5 48-48V306.2c0-10.7-12.9-16-20.5-8.5l-40 40c-2.2 2.3-3.5 5.3-3.5 8.5z"
                />
              </svg>
            </button>
            <button
              class="delete-btn"
              data-testid="delete-btn-2"
            >
              <svg
                fill="currentColor"
                height="1em"
                stroke="currentColor"
                stroke-width="0"
                viewBox="0 0 448 512"
                width="1em"
                xmlns="http://www.w3.org/2000/svg"
              >
                <path
                  d="M432 32H312l-9.4-18.7A24 24 0 0 0 281.1 0H166.8a23.72 23.72 0 0 0-21.4 13.3L136 32H16A16 16 0 0 0 0 48v32a16 16 0 0 0 16 16h416a16 16 0 0 0 16-16V48a16 16 0 0 0-16-16zM53.2 467a48 48 0 0 0 47.9 45h245.8a48 48 0 0 0 47.9-45L416 128H32z"
                />
              </svg>
            </button>
          </div>
        </article>
      </div>
      <button
        class="clear-btn"
      >
        clear items
      </button>
    </main>
  </div>
</body>
`;

exports[`GroceryBud Should ignore click if no value 1`] = `
<body
  style="color: rgb(16, 16, 16); background: rgb(241, 241, 241);"
>
  <div>
    <main
      class="grocery_bud"
    >
      <form
        class="grocery-form"
      >
        <h3>
          Grocery Bud
        </h3>
        <div
          class="form-control"
        >
          <input
            class="grocery"
            placeholder="e.g. eggs"
            type="text"
            value=""
          />
          <button
            class="submit-btn"
            type="submit"
          >
            submit
          </button>
        </div>
      </form>
      <div
        class="grocery-container"
      >
        <article
          class="grocery-item"
        >
          <p
            class="title"
          >
            testItem
          </p>
          <div
            class="btn-container"
          >
            <button
              class="edit-btn"
              data-testid="edit-btn-1"
            >
              <svg
                fill="currentColor"
                height="1em"
                stroke="currentColor"
                stroke-width="0"
                viewBox="0 0 576 512"
                width="1em"
                xmlns="http://www.w3.org/2000/svg"
              >
                <path
                  d="M402.6 83.2l90.2 90.2c3.8 3.8 3.8 10 0 13.8L274.4 405.6l-92.8 10.3c-12.4 1.4-22.9-9.1-21.5-21.5l10.3-92.8L388.8 83.2c3.8-3.8 10-3.8 13.8 0zm162-22.9l-48.8-48.8c-15.2-15.2-39.9-15.2-55.2 0l-35.4 35.4c-3.8 3.8-3.8 10 0 13.8l90.2 90.2c3.8 3.8 10 3.8 13.8 0l35.4-35.4c15.2-15.3 15.2-40 0-55.2zM384 346.2V448H64V128h229.8c3.2 0 6.2-1.3 8.5-3.5l40-40c7.6-7.6 2.2-20.5-8.5-20.5H48C21.5 64 0 85.5 0 112v352c0 26.5 21.5 48 48 48h352c26.5 0 48-21.5 48-48V306.2c0-10.7-12.9-16-20.5-8.5l-40 40c-2.2 2.3-3.5 5.3-3.5 8.5z"
                />
              </svg>
            </button>
            <button
              class="delete-btn"
              data-testid="delete-btn-1"
            >
              <svg
                fill="currentColor"
                height="1em"
                stroke="currentColor"
                stroke-width="0"
                viewBox="0 0 448 512"
                width="1em"
                xmlns="http://www.w3.org/2000/svg"
              >
                <path
                  d="M432 32H312l-9.4-18.7A24 24 0 0 0 281.1 0H166.8a23.72 23.72 0 0 0-21.4 13.3L136 32H16A16 16 0 0 0 0 48v32a16 16 0 0 0 16 16h416a16 16 0 0 0 16-16V48a16 16 0 0 0-16-16zM53.2 467a48 48 0 0 0 47.9 45h245.8a48 48 0 0 0 47.9-45L416 128H32z"
                />
              </svg>
            </button>
          </div>
        </article>
      </div>
      <button
        class="clear-btn"
      >
        clear items
      </button>
    </main>
  </div>
</body>
`;

exports[`GroceryBud Should load correctly 1`] = `
<main
  className="grocery_bud"
>
  <form
    className="grocery-form"
    onSubmit={[Function]}
  >
    <h3>
      Grocery Bud
    </h3>
    <div
      className="form-control"
    >
      <input
        className="grocery"
        onChange={[Function]}
        placeholder="e.g. eggs"
        type="text"
        value=""
      />
      <button
        className="submit-btn"
        type="submit"
      >
        submit
      </button>
    </div>
  </form>
</main>
`;

exports[`GroceryBud Should remove one item 1`] = `
<body
  style="color: rgb(16, 16, 16); background: rgb(241, 241, 241);"
>
  <div>
    <main
      class="grocery_bud"
    >
      <form
        class="grocery-form"
      >
        <h3>
          Grocery Bud
        </h3>
        <div
          class="form-control"
        >
          <input
            class="grocery"
            placeholder="e.g. eggs"
            type="text"
            value=""
          />
          <button
            class="submit-btn"
            type="submit"
          >
            submit
          </button>
        </div>
      </form>
      <div
        class="grocery-container"
      >
        <article
          class="grocery-item"
        >
          <p
            class="title"
          >
            mockItem2
          </p>
          <div
            class="btn-container"
          >
            <button
              class="edit-btn"
              data-testid="edit-btn-2"
            >
              <svg
                fill="currentColor"
                height="1em"
                stroke="currentColor"
                stroke-width="0"
                viewBox="0 0 576 512"
                width="1em"
                xmlns="http://www.w3.org/2000/svg"
              >
                <path
                  d="M402.6 83.2l90.2 90.2c3.8 3.8 3.8 10 0 13.8L274.4 405.6l-92.8 10.3c-12.4 1.4-22.9-9.1-21.5-21.5l10.3-92.8L388.8 83.2c3.8-3.8 10-3.8 13.8 0zm162-22.9l-48.8-48.8c-15.2-15.2-39.9-15.2-55.2 0l-35.4 35.4c-3.8 3.8-3.8 10 0 13.8l90.2 90.2c3.8 3.8 10 3.8 13.8 0l35.4-35.4c15.2-15.3 15.2-40 0-55.2zM384 346.2V448H64V128h229.8c3.2 0 6.2-1.3 8.5-3.5l40-40c7.6-7.6 2.2-20.5-8.5-20.5H48C21.5 64 0 85.5 0 112v352c0 26.5 21.5 48 48 48h352c26.5 0 48-21.5 48-48V306.2c0-10.7-12.9-16-20.5-8.5l-40 40c-2.2 2.3-3.5 5.3-3.5 8.5z"
                />
              </svg>
            </button>
            <button
              class="delete-btn"
              data-testid="delete-btn-2"
            >
              <svg
                fill="currentColor"
                height="1em"
                stroke="currentColor"
                stroke-width="0"
                viewBox="0 0 448 512"
                width="1em"
                xmlns="http://www.w3.org/2000/svg"
              >
                <path
                  d="M432 32H312l-9.4-18.7A24 24 0 0 0 281.1 0H166.8a23.72 23.72 0 0 0-21.4 13.3L136 32H16A16 16 0 0 0 0 48v32a16 16 0 0 0 16 16h416a16 16 0 0 0 16-16V48a16 16 0 0 0-16-16zM53.2 467a48 48 0 0 0 47.9 45h245.8a48 48 0 0 0 47.9-45L416 128H32z"
                />
              </svg>
            </button>
          </div>
        </article>
      </div>
      <button
        class="clear-btn"
      >
        clear items
      </button>
    </main>
  </div>
</body>
`;

exports[`GroceryBud Should render data from localstorage 1`] = `
<main
  className="grocery_bud"
>
  <form
    className="grocery-form"
    onSubmit={[Function]}
  >
    <h3>
      Grocery Bud
    </h3>
    <div
      className="form-control"
    >
      <input
        className="grocery"
        onChange={[Function]}
        placeholder="e.g. eggs"
        type="text"
        value=""
      />
      <button
        className="submit-btn"
        type="submit"
      >
        submit
      </button>
    </div>
  </form>
  <div
    className="grocery-container"
  >
    <article
      className="grocery-item"
    >
      <p
        className="title"
      >
        mockItem1
      </p>
      <div
        className="btn-container"
      >
        <button
          className="edit-btn"
          data-testid="edit-btn-1"
          onClick={[Function]}
        >
          <svg
            fill="currentColor"
            height="1em"
            stroke="currentColor"
            strokeWidth="0"
            style={
              Object {
                "color": undefined,
              }
            }
            viewBox="0 0 576 512"
            width="1em"
            xmlns="http://www.w3.org/2000/svg"
          >
            <path
              d="M402.6 83.2l90.2 90.2c3.8 3.8 3.8 10 0 13.8L274.4 405.6l-92.8 10.3c-12.4 1.4-22.9-9.1-21.5-21.5l10.3-92.8L388.8 83.2c3.8-3.8 10-3.8 13.8 0zm162-22.9l-48.8-48.8c-15.2-15.2-39.9-15.2-55.2 0l-35.4 35.4c-3.8 3.8-3.8 10 0 13.8l90.2 90.2c3.8 3.8 10 3.8 13.8 0l35.4-35.4c15.2-15.3 15.2-40 0-55.2zM384 346.2V448H64V128h229.8c3.2 0 6.2-1.3 8.5-3.5l40-40c7.6-7.6 2.2-20.5-8.5-20.5H48C21.5 64 0 85.5 0 112v352c0 26.5 21.5 48 48 48h352c26.5 0 48-21.5 48-48V306.2c0-10.7-12.9-16-20.5-8.5l-40 40c-2.2 2.3-3.5 5.3-3.5 8.5z"
            />
          </svg>
        </button>
        <button
          className="delete-btn"
          data-testid="delete-btn-1"
          onClick={[Function]}
        >
          <svg
            fill="currentColor"
            height="1em"
            stroke="currentColor"
            strokeWidth="0"
            style={
              Object {
                "color": undefined,
              }
            }
            viewBox="0 0 448 512"
            width="1em"
            xmlns="http://www.w3.org/2000/svg"
          >
            <path
              d="M432 32H312l-9.4-18.7A24 24 0 0 0 281.1 0H166.8a23.72 23.72 0 0 0-21.4 13.3L136 32H16A16 16 0 0 0 0 48v32a16 16 0 0 0 16 16h416a16 16 0 0 0 16-16V48a16 16 0 0 0-16-16zM53.2 467a48 48 0 0 0 47.9 45h245.8a48 48 0 0 0 47.9-45L416 128H32z"
            />
          </svg>
        </button>
      </div>
    </article>
    <article
      className="grocery-item"
    >
      <p
        className="title"
      >
        mockItem2
      </p>
      <div
        className="btn-container"
      >
        <button
          className="edit-btn"
          data-testid="edit-btn-2"
          onClick={[Function]}
        >
          <svg
            fill="currentColor"
            height="1em"
            stroke="currentColor"
            strokeWidth="0"
            style={
              Object {
                "color": undefined,
              }
            }
            viewBox="0 0 576 512"
            width="1em"
            xmlns="http://www.w3.org/2000/svg"
          >
            <path
              d="M402.6 83.2l90.2 90.2c3.8 3.8 3.8 10 0 13.8L274.4 405.6l-92.8 10.3c-12.4 1.4-22.9-9.1-21.5-21.5l10.3-92.8L388.8 83.2c3.8-3.8 10-3.8 13.8 0zm162-22.9l-48.8-48.8c-15.2-15.2-39.9-15.2-55.2 0l-35.4 35.4c-3.8 3.8-3.8 10 0 13.8l90.2 90.2c3.8 3.8 10 3.8 13.8 0l35.4-35.4c15.2-15.3 15.2-40 0-55.2zM384 346.2V448H64V128h229.8c3.2 0 6.2-1.3 8.5-3.5l40-40c7.6-7.6 2.2-20.5-8.5-20.5H48C21.5 64 0 85.5 0 112v352c0 26.5 21.5 48 48 48h352c26.5 0 48-21.5 48-48V306.2c0-10.7-12.9-16-20.5-8.5l-40 40c-2.2 2.3-3.5 5.3-3.5 8.5z"
            />
          </svg>
        </button>
        <button
          className="delete-btn"
          data-testid="delete-btn-2"
          onClick={[Function]}
        >
          <svg
            fill="currentColor"
            height="1em"
            stroke="currentColor"
            strokeWidth="0"
            style={
              Object {
                "color": undefined,
              }
            }
            viewBox="0 0 448 512"
            width="1em"
            xmlns="http://www.w3.org/2000/svg"
          >
            <path
              d="M432 32H312l-9.4-18.7A24 24 0 0 0 281.1 0H166.8a23.72 23.72 0 0 0-21.4 13.3L136 32H16A16 16 0 0 0 0 48v32a16 16 0 0 0 16 16h416a16 16 0 0 0 16-16V48a16 16 0 0 0-16-16zM53.2 467a48 48 0 0 0 47.9 45h245.8a48 48 0 0 0 47.9-45L416 128H32z"
            />
          </svg>
        </button>
      </div>
    </article>
  </div>
  <button
    className="clear-btn"
    onClick={[Function]}
  >
    clear items
  </button>
</main>
`;
