// Jest Snapshot v1, https://goo.gl/fbAQLP

exports[`LoremGenerator Should render 9 paragraphs at most 1`] = `
<body
  style="color: rgb(16, 16, 16); background: rgb(241, 241, 241);"
>
  <div>
    <main
      class="lorem_ipsum"
    >
      <h3>
        Tired of boring Lorem Ipsum
      </h3>
      <form
        class="lorem-form"
      >
        <label
          for="amount"
        >
          Paragraphs: 
        </label>
        <input
          id="amount"
          name="amount"
          type="number"
          value="20"
        />
        <button
          class="btn"
        >
          generate
        </button>
      </form>
      <article
        class="lorem-text"
      >
        <p>
          Jelly sweet roll jelly beans biscuit pie macaroon chocolate donut. Carrot cake caramels pie sweet apple pie tiramisu carrot cake. Marzipan marshmallow croissant tootsie roll lollipop. Cupcake lemon drops bear claw gummies. Jelly bear claw gummi bears lollipop cotton candy gummi bears chocolate bar cake cookie. Cupcake muffin danish muffin cookie gummies. Jelly beans tiramisu pudding. Toffee soufflé chocolate cake pastry brownie. Oat cake halvah sweet roll cotton candy croissant lollipop. Macaroon tiramisu chocolate bar candy candy carrot cake jelly sweet. Gummies croissant macaroon dessert. Chocolate cake dragée pie.
        </p>
        <p>
          Next level tbh everyday carry, blog copper mug forage kitsch roof party pickled hammock kale chips tofu. Etsy shoreditch 8-bit microdosing, XOXO viral butcher banh mi humblebrag listicle woke bicycle rights brunch before they sold out ramps. Twee shabby chic taiyaki flannel, enamel pin venmo vape four loko. Hexagon kale chips typewriter kitsch 8-bit organic plaid small batch keffiyeh ethical banh mi narwhal echo park cronut.
        </p>
        <p>
          Zombie ipsum reversus ab viral inferno, nam rick grimes malum cerebro. De carne lumbering animata corpora quaeritis. Summus brains sit​​, morbo vel maleficia? De apocalypsi gorger omero undead survivor dictum mauris. Hi mindless mortuis soulless creaturas, imo evil stalking monstra adventus resi dentevil vultus comedat cerebella viventium. Qui animated corpse, cricket bat max brucks terribilem incessu zomby. The voodoo sacerdos flesh eater, suscitat mortuos comedere carnem virus. Zonbi tattered for solum oculi eorum defunctis go lum cerebro. Nescio brains an Undead zombies. Sicut malus putrid voodoo horror. Nigh tofth eliv ingdead.
        </p>
        <p>
          Cat gets stuck in tree firefighters try to get cat down firefighters get stuck in tree cat eats firefighters' slippers kitty power ignore the squirrels, you'll never catch them anyway for what a cat-ass-trophy! or purr as loud as possible, be the most annoying cat that you can, and, knock everything off the table. Pretend you want to go out but then don't bite off human's toes, yet disappear for four days and return home with an expensive injury; bite the vet so catch eat throw up catch eat throw up bad birds. 
        </p>
        <p>
          This opera's as lousy as it is brilliant! Your lyrics lack subtlety. You can't just have your characters announce how they feel. That makes me feel angry! Anyhoo, your net-suits will allow you to experience Fry's worm infested bowels as if you were actually wriggling through them.
I just told you! You've killed me! Fry! Quit doing the right thing, you jerk! Michelle, I don't regret this, but I both rue and lament it. Morbo can't understand his teleprompter because he forgot how you say that letter that's shaped like a man wearing a hat.
        </p>
        <p>
          Airedale hard cheese mozzarella. Pecorino melted cheese port-salut emmental babybel cheese and wine melted cheese manchego. Everyone loves blue castello everyone loves fromage cheese slices airedale cheddar cream cheese. Bavarian bergkase who moved my cheese halloumi port-salut gouda jarlsberg ricotta rubber cheese. Stinking bishop smelly cheese brie.
        </p>
        <p>
          Salvia glossier subway tile, leggings mustache YOLO semiotics chia. Pitchfork tbh af blog church-key meggings vaporware PBR&B master cleanse post-ironic man bun pabst mustache letterpress synth. Snackwave raw denim godard, 3 wolf moon shaman offal kitsch unicorn live-edge selvage schlitz fashion axe vaporware drinking vinegar prism. Shabby chic tacos artisan, chambray chicharrones cardigan leggings typewriter af pop-up williamsburg meditation PBR&B viral. You probably haven't heard of them DIY jean shorts subway tile fashion axe bushwick kitsch tumeric cloud bread vaporware freegan franzen pork belly chicharrones banh mi.
        </p>
        <p>
          Man braid celiac synth freegan readymade, pitchfork fam salvia waistcoat lomo bitters gentrify four loko. Pitchfork semiotics post-ironic vegan. Tofu meditation microdosing hashtag semiotics venmo. Flexitarian vape tilde taiyaki. Prism poutine farm-to-table, messenger bag vegan taxidermy tattooed sartorial squid jean shorts fixie selvage trust fund vape.
        </p>
        <p>
          Rutters Plate Fleet boom chandler Brethren of the Coast handsomely lookout marooned brigantine knave. Buccaneer gangway jack rum loot spyglass line Jack Tar fore gaff. Gaff topmast scuttle ballast swab draught measured fer yer chains dance the hempen jig Chain Shot yardarm.
        </p>
      </article>
    </main>
  </div>
</body>
`;

exports[`LoremGenerator Should render correctly 1`] = `
<main
  className="lorem_ipsum"
>
  <h3>
    Tired of boring Lorem Ipsum
  </h3>
  <form
    className="lorem-form"
    onSubmit={[Function]}
  >
    <label
      htmlFor="amount"
    >
      Paragraphs: 
    </label>
    <input
      id="amount"
      name="amount"
      onChange={[Function]}
      type="number"
      value="0"
    />
    <button
      className="btn"
    >
      generate
    </button>
  </form>
  <article
    className="lorem-text"
  />
</main>
`;

exports[`LoremGenerator Should render ipsum paragraphs 1`] = `
<body
  style="color: rgb(16, 16, 16); background: rgb(241, 241, 241);"
>
  <div>
    <main
      class="lorem_ipsum"
    >
      <h3>
        Tired of boring Lorem Ipsum
      </h3>
      <form
        class="lorem-form"
      >
        <label
          for="amount"
        >
          Paragraphs: 
        </label>
        <input
          id="amount"
          name="amount"
          type="number"
          value="5"
        />
        <button
          class="btn"
        >
          generate
        </button>
      </form>
      <article
        class="lorem-text"
      >
        <p>
          Jelly sweet roll jelly beans biscuit pie macaroon chocolate donut. Carrot cake caramels pie sweet apple pie tiramisu carrot cake. Marzipan marshmallow croissant tootsie roll lollipop. Cupcake lemon drops bear claw gummies. Jelly bear claw gummi bears lollipop cotton candy gummi bears chocolate bar cake cookie. Cupcake muffin danish muffin cookie gummies. Jelly beans tiramisu pudding. Toffee soufflé chocolate cake pastry brownie. Oat cake halvah sweet roll cotton candy croissant lollipop. Macaroon tiramisu chocolate bar candy candy carrot cake jelly sweet. Gummies croissant macaroon dessert. Chocolate cake dragée pie.
        </p>
        <p>
          Next level tbh everyday carry, blog copper mug forage kitsch roof party pickled hammock kale chips tofu. Etsy shoreditch 8-bit microdosing, XOXO viral butcher banh mi humblebrag listicle woke bicycle rights brunch before they sold out ramps. Twee shabby chic taiyaki flannel, enamel pin venmo vape four loko. Hexagon kale chips typewriter kitsch 8-bit organic plaid small batch keffiyeh ethical banh mi narwhal echo park cronut.
        </p>
        <p>
          Zombie ipsum reversus ab viral inferno, nam rick grimes malum cerebro. De carne lumbering animata corpora quaeritis. Summus brains sit​​, morbo vel maleficia? De apocalypsi gorger omero undead survivor dictum mauris. Hi mindless mortuis soulless creaturas, imo evil stalking monstra adventus resi dentevil vultus comedat cerebella viventium. Qui animated corpse, cricket bat max brucks terribilem incessu zomby. The voodoo sacerdos flesh eater, suscitat mortuos comedere carnem virus. Zonbi tattered for solum oculi eorum defunctis go lum cerebro. Nescio brains an Undead zombies. Sicut malus putrid voodoo horror. Nigh tofth eliv ingdead.
        </p>
        <p>
          Cat gets stuck in tree firefighters try to get cat down firefighters get stuck in tree cat eats firefighters' slippers kitty power ignore the squirrels, you'll never catch them anyway for what a cat-ass-trophy! or purr as loud as possible, be the most annoying cat that you can, and, knock everything off the table. Pretend you want to go out but then don't bite off human's toes, yet disappear for four days and return home with an expensive injury; bite the vet so catch eat throw up catch eat throw up bad birds. 
        </p>
        <p>
          This opera's as lousy as it is brilliant! Your lyrics lack subtlety. You can't just have your characters announce how they feel. That makes me feel angry! Anyhoo, your net-suits will allow you to experience Fry's worm infested bowels as if you were actually wriggling through them.
I just told you! You've killed me! Fry! Quit doing the right thing, you jerk! Michelle, I don't regret this, but I both rue and lament it. Morbo can't understand his teleprompter because he forgot how you say that letter that's shaped like a man wearing a hat.
        </p>
      </article>
    </main>
  </div>
</body>
`;
