// Jest Snapshot v1, https://goo.gl/fbAQLP

exports[`Cart Should change amount and cart total 1`] = `
<body
  style="color: rgb(16, 42, 66); background: rgb(241, 245, 248);"
>
  <div>
    <main
      class="cart_project"
    >
      <nav>
        <div
          class="container"
        >
          <h3>
            Cart Project
          </h3>
          <div
            class="amount-container"
          >
            <svg
              viewBox="0 0 20 20"
              xmlns="http://www.w3.org/2000/svg"
            >
              <path
                d="M16 6v2h2l2 12H0L2 8h2V6a6 6 0 1 1 12 0zm-2 0a4 4 0 1 0-8 0v2h8V6zM4 10v2h2v-2H4zm10 0v2h2v-2h-2z"
              />
            </svg>
            <div
              class="amount"
            >
              <p>
                3
              </p>
            </div>
          </div>
        </div>
      </nav>
      <section
        class="cart-container"
      >
        <header>
          <h2>
            Your Bag
          </h2>
        </header>
        <div>
          <article
            class="cart-item"
          >
            <img
              alt="Samsung Galaxy S8"
              src="https://dl.airtable.com/.attachments/64b266ad865098befbda3c3577a773c9/24497852/yedjpkwxljtb75t3tezl.png"
            />
            <div>
              <h4>
                Samsung Galaxy S8
              </h4>
              <h4
                class="item-price"
              >
                399.99
              </h4>
              <button
                aria-label="remove"
                class="remove-btn"
              >
                remove
              </button>
            </div>
            <div>
              <button
                aria-label="increase"
                class="amount-btn"
              >
                <svg
                  viewBox="0 0 20 20"
                  xmlns="http://www.w3.org/2000/svg"
                >
                  <path
                    d="M10.707 7.05L10 6.343 4.343 12l1.414 1.414L10 9.172l4.243 4.242L15.657 12z"
                  />
                </svg>
              </button>
              <p
                class="amount"
              >
                2
              </p>
              <button
                aria-label="decrease"
                class="amount-btn"
              >
                <svg
                  viewBox="0 0 20 20"
                  xmlns="http://www.w3.org/2000/svg"
                >
                  <path
                    d="M9.293 12.95l.707.707L15.657 8l-1.414-1.414L10 10.828 5.757 6.586 4.343 8z"
                  />
                </svg>
              </button>
            </div>
          </article>
          <article
            class="cart-item"
          >
            <img
              alt="Samsung Galaxy S7"
              src="https://dl.airtable.com/.attachments/91ee456448cef47deec553a2ea3fa8ad/b08bec68/phone-2_ohtt5s.png"
            />
            <div>
              <h4>
                Samsung Galaxy S7
              </h4>
              <h4
                class="item-price"
              >
                599.99 
              </h4>
              <button
                aria-label="remove"
                class="remove-btn"
              >
                remove
              </button>
            </div>
            <div>
              <button
                aria-label="increase"
                class="amount-btn"
              >
                <svg
                  viewBox="0 0 20 20"
                  xmlns="http://www.w3.org/2000/svg"
                >
                  <path
                    d="M10.707 7.05L10 6.343 4.343 12l1.414 1.414L10 9.172l4.243 4.242L15.657 12z"
                  />
                </svg>
              </button>
              <p
                class="amount"
              >
                1
              </p>
              <button
                aria-label="decrease"
                class="amount-btn"
              >
                <svg
                  viewBox="0 0 20 20"
                  xmlns="http://www.w3.org/2000/svg"
                >
                  <path
                    d="M9.293 12.95l.707.707L15.657 8l-1.414-1.414L10 10.828 5.757 6.586 4.343 8z"
                  />
                </svg>
              </button>
            </div>
          </article>
        </div>
        <footer>
          <hr />
          <div
            class="cart-total"
          >
            <h4>
              total 
              <span>
                $
                1399.97
              </span>
            </h4>
          </div>
          <button>
            clear cart
          </button>
        </footer>
      </section>
    </main>
  </div>
</body>
`;

exports[`Cart Should clear cart 1`] = `
<body
  style="color: rgb(16, 42, 66); background: rgb(241, 245, 248);"
>
  <div>
    <main
      class="cart_project"
    >
      <nav>
        <div
          class="container"
        >
          <h3>
            Cart Project
          </h3>
          <div
            class="amount-container"
          >
            <svg
              viewBox="0 0 20 20"
              xmlns="http://www.w3.org/2000/svg"
            >
              <path
                d="M16 6v2h2l2 12H0L2 8h2V6a6 6 0 1 1 12 0zm-2 0a4 4 0 1 0-8 0v2h8V6zM4 10v2h2v-2H4zm10 0v2h2v-2h-2z"
              />
            </svg>
            <div
              class="amount"
            >
              <p>
                0
              </p>
            </div>
          </div>
        </div>
      </nav>
      <section
        class="cart-container"
      >
        <header>
          <h2>
            Your Bag
          </h2>
          <h4
            class="empty-cart"
          >
            is currently empty
          </h4>
        </header>
      </section>
    </main>
  </div>
</body>
`;

exports[`Cart Should render correctly after loaded 1`] = `
<body
  style="color: rgb(16, 42, 66); background: rgb(241, 245, 248);"
>
  <div>
    <main
      class="cart_project"
    >
      <nav>
        <div
          class="container"
        >
          <h3>
            Cart Project
          </h3>
          <div
            class="amount-container"
          >
            <svg
              viewBox="0 0 20 20"
              xmlns="http://www.w3.org/2000/svg"
            >
              <path
                d="M16 6v2h2l2 12H0L2 8h2V6a6 6 0 1 1 12 0zm-2 0a4 4 0 1 0-8 0v2h8V6zM4 10v2h2v-2H4zm10 0v2h2v-2h-2z"
              />
            </svg>
            <div
              class="amount"
            >
              <p>
                4
              </p>
            </div>
          </div>
        </div>
      </nav>
      <section
        class="cart-container"
      >
        <header>
          <h2>
            Your Bag
          </h2>
        </header>
        <div>
          <article
            class="cart-item"
          >
            <img
              alt="Samsung Galaxy S8"
              src="https://dl.airtable.com/.attachments/64b266ad865098befbda3c3577a773c9/24497852/yedjpkwxljtb75t3tezl.png"
            />
            <div>
              <h4>
                Samsung Galaxy S8
              </h4>
              <h4
                class="item-price"
              >
                399.99
              </h4>
              <button
                aria-label="remove"
                class="remove-btn"
              >
                remove
              </button>
            </div>
            <div>
              <button
                aria-label="increase"
                class="amount-btn"
              >
                <svg
                  viewBox="0 0 20 20"
                  xmlns="http://www.w3.org/2000/svg"
                >
                  <path
                    d="M10.707 7.05L10 6.343 4.343 12l1.414 1.414L10 9.172l4.243 4.242L15.657 12z"
                  />
                </svg>
              </button>
              <p
                class="amount"
              >
                1
              </p>
              <button
                aria-label="decrease"
                class="amount-btn"
              >
                <svg
                  viewBox="0 0 20 20"
                  xmlns="http://www.w3.org/2000/svg"
                >
                  <path
                    d="M9.293 12.95l.707.707L15.657 8l-1.414-1.414L10 10.828 5.757 6.586 4.343 8z"
                  />
                </svg>
              </button>
            </div>
          </article>
          <article
            class="cart-item"
          >
            <img
              alt="google pixel"
              src="https://dl.airtable.com/.attachments/91c88ae8c1580e2b762ecb3f73ed1eed/a633139a/phone-1_gvesln.png"
            />
            <div>
              <h4>
                google pixel
              </h4>
              <h4
                class="item-price"
              >
                499.99
              </h4>
              <button
                aria-label="remove"
                class="remove-btn"
              >
                remove
              </button>
            </div>
            <div>
              <button
                aria-label="increase"
                class="amount-btn"
              >
                <svg
                  viewBox="0 0 20 20"
                  xmlns="http://www.w3.org/2000/svg"
                >
                  <path
                    d="M10.707 7.05L10 6.343 4.343 12l1.414 1.414L10 9.172l4.243 4.242L15.657 12z"
                  />
                </svg>
              </button>
              <p
                class="amount"
              >
                1
              </p>
              <button
                aria-label="decrease"
                class="amount-btn"
              >
                <svg
                  viewBox="0 0 20 20"
                  xmlns="http://www.w3.org/2000/svg"
                >
                  <path
                    d="M9.293 12.95l.707.707L15.657 8l-1.414-1.414L10 10.828 5.757 6.586 4.343 8z"
                  />
                </svg>
              </button>
            </div>
          </article>
          <article
            class="cart-item"
          >
            <img
              alt="Xiaomi Redmi Note 2"
              src="https://dl.airtable.com/.attachments/bae9208dc34f35128749ecda5b999e84/337c285d/phone-3_h2s6fo.png"
            />
            <div>
              <h4>
                Xiaomi Redmi Note 2
              </h4>
              <h4
                class="item-price"
              >
                699.99
              </h4>
              <button
                aria-label="remove"
                class="remove-btn"
              >
                remove
              </button>
            </div>
            <div>
              <button
                aria-label="increase"
                class="amount-btn"
              >
                <svg
                  viewBox="0 0 20 20"
                  xmlns="http://www.w3.org/2000/svg"
                >
                  <path
                    d="M10.707 7.05L10 6.343 4.343 12l1.414 1.414L10 9.172l4.243 4.242L15.657 12z"
                  />
                </svg>
              </button>
              <p
                class="amount"
              >
                1
              </p>
              <button
                aria-label="decrease"
                class="amount-btn"
              >
                <svg
                  viewBox="0 0 20 20"
                  xmlns="http://www.w3.org/2000/svg"
                >
                  <path
                    d="M9.293 12.95l.707.707L15.657 8l-1.414-1.414L10 10.828 5.757 6.586 4.343 8z"
                  />
                </svg>
              </button>
            </div>
          </article>
          <article
            class="cart-item"
          >
            <img
              alt="Samsung Galaxy S7"
              src="https://dl.airtable.com/.attachments/91ee456448cef47deec553a2ea3fa8ad/b08bec68/phone-2_ohtt5s.png"
            />
            <div>
              <h4>
                Samsung Galaxy S7
              </h4>
              <h4
                class="item-price"
              >
                599.99 
              </h4>
              <button
                aria-label="remove"
                class="remove-btn"
              >
                remove
              </button>
            </div>
            <div>
              <button
                aria-label="increase"
                class="amount-btn"
              >
                <svg
                  viewBox="0 0 20 20"
                  xmlns="http://www.w3.org/2000/svg"
                >
                  <path
                    d="M10.707 7.05L10 6.343 4.343 12l1.414 1.414L10 9.172l4.243 4.242L15.657 12z"
                  />
                </svg>
              </button>
              <p
                class="amount"
              >
                1
              </p>
              <button
                aria-label="decrease"
                class="amount-btn"
              >
                <svg
                  viewBox="0 0 20 20"
                  xmlns="http://www.w3.org/2000/svg"
                >
                  <path
                    d="M9.293 12.95l.707.707L15.657 8l-1.414-1.414L10 10.828 5.757 6.586 4.343 8z"
                  />
                </svg>
              </button>
            </div>
          </article>
        </div>
        <footer>
          <hr />
          <div
            class="cart-total"
          >
            <h4>
              total 
              <span>
                $
                2199.96
              </span>
            </h4>
          </div>
          <button>
            clear cart
          </button>
        </footer>
      </section>
    </main>
  </div>
</body>
`;

exports[`Cart Should render correctly loading 1`] = `
<body
  style="color: rgb(16, 42, 66); background: rgb(241, 245, 248);"
>
  <div>
    <main
      class="cart_project"
    >
      <div
        class="loading"
      >
        <h1>
          Loading ...
        </h1>
      </div>
    </main>
  </div>
</body>
`;
